[Thu Apr  9 08:22:40 AM EDT 2026] INFO 8cc56afa-1563-443a-b4c2-4219adad96fe random_value=19354
[Thu Apr  9 08:22:40 AM EDT 2026] INFO f9c86012-0d01-409d-a4cb-4357400f2113 random_value=18213
[Thu Apr  9 08:22:40 AM EDT 2026] INFO fae0d0d8-5a16-434b-ad0e-6aed3e7ae6e7 random_value=18036
[Thu Apr  9 08:22:40 AM EDT 2026] INFO 59eaa509-bf8c-4f6d-9247-c7719dd2c3f3 random_value=17709
[Thu Apr  9 08:22:40 AM EDT 2026] INFO 42c48003-5cc5-4827-b1b8-318a3b24e15d random_value=16330
[Thu Apr  9 08:22:40 AM EDT 2026] INFO bec7f303-faaf-4e2c-bddd-3981ca07e235 random_value=19785
[Thu Apr  9 08:22:40 AM EDT 2026] INFO 073d4648-3cd4-4d8c-9614-d9d2716d94e6 random_value=19157
[Thu Apr  9 08:22:40 AM EDT 2026] INFO 244aaa07-2430-4832-9a76-d20f526e249b random_value=4451
[Thu Apr  9 08:22:40 AM EDT 2026] INFO 92f6b6a8-8e37-4ba6-94a8-064464afb674 random_value=19436
[Thu Apr  9 08:22:40 AM EDT 2026] INFO ecc3b6f0-39cd-4101-8db9-ba9531da9639 random_value=31324
[Thu Apr  9 08:22:40 AM EDT 2026] INFO a799be95-e5e3-4d9f-92b0-82edef1d2a60 random_value=29162
[Thu Apr  9 08:22:40 AM EDT 2026] INFO d24d497e-8126-4187-8943-6bc4f8ef05b1 random_value=23977
[Thu Apr  9 08:22:40 AM EDT 2026] INFO f5a11bbb-be74-4f2d-bcdb-3c5af6b8686e random_value=7146
[Thu Apr  9 08:22:40 AM EDT 2026] INFO 64facbaa-73a0-4a8f-b912-37a4fe1a8903 random_value=31443
[Thu Apr  9 08:22:40 AM EDT 2026] INFO 4cf4d6bf-9510-4f8d-bbbd-63cf68f77c6b random_value=9295
[Thu Apr  9 08:22:40 AM EDT 2026] INFO 4175e735-2a54-4975-86ed-4f3bdc9da734 random_value=8547
[Thu Apr  9 08:22:40 AM EDT 2026] INFO e22df4e8-f086-4d2a-b5db-07fd5c643c63 random_value=31202
[Thu Apr  9 08:22:40 AM EDT 2026] INFO c9b4bcf7-9376-4448-b418-fd9065d24ee9 random_value=8134
[Thu Apr  9 08:22:40 AM EDT 2026] INFO 02526849-3123-4d19-a189-88622968b3a8 random_value=12393
[Thu Apr  9 08:22:40 AM EDT 2026] INFO eba90236-dd8d-4597-83d3-8813b25760f6 random_value=21906
[Thu Apr  9 08:22:40 AM EDT 2026] INFO acc5f775-08b0-406e-89a9-8e3d9511d612 random_value=20067
[Thu Apr  9 08:22:40 AM EDT 2026] INFO b16b8d74-aff3-4a6c-a0ca-01842f1ebdfb random_value=8455
[Thu Apr  9 08:22:40 AM EDT 2026] INFO b0f67c98-e314-4d64-aee0-361c04966cb3 random_value=5074
[Thu Apr  9 08:22:40 AM EDT 2026] INFO b106c13a-f7c6-43a5-abbe-e42075cfa9ea random_value=3421
[Thu Apr  9 08:22:40 AM EDT 2026] INFO 657ec232-7af9-431e-98e2-67a169184d77 random_value=18168
[Thu Apr  9 08:22:40 AM EDT 2026] INFO bce0879e-077c-41b0-b6e3-b28176a4f965 random_value=13066
[Thu Apr  9 08:22:40 AM EDT 2026] INFO 4e1c8fd0-e2eb-494d-b0ae-1e9dc18d0e77 random_value=12889
[Thu Apr  9 08:22:40 AM EDT 2026] INFO cd528d16-151a-43c0-8fbd-35042a5ea4f1 random_value=16573
[Thu Apr  9 08:22:40 AM EDT 2026] INFO eee70ff2-3e8b-46bd-af57-25215d022858 random_value=3919
[Thu Apr  9 08:22:40 AM EDT 2026] INFO a76757ac-101c-45d8-b509-70b46546be53 random_value=29559
